INFO:root:this is my very first code for logging
